// Bun Snapshot v1, https://goo.gl/fbAQLP

exports[`decomposedMatrix decomposedMatrix 1`] = `
[
  [
    NaN,
    NaN,
    NaN,
  ],
  [
    NaN,
    NaN,
    NaN,
  ],
]
`;

exports[`decomposedMatrix decomposedMatrix 2`] = `
[
  NaN,
  NaN,
  NaN,
  NaN,
  NaN,
  NaN,
]
`;
