// Bun Snapshot v1, https://goo.gl/fbAQLP

exports[`mapCreateRenderJobResourceToHash 1`] = `"f5385eaa9068c121e39b71e8bce648628eb0ff7b3b106bb8395a5f74f3c23de0"`;
